
> demo-chess-board@0.0.0 test
> vitest src/hooks/__tests__/useChessGame.test.ts disables black queen-side castling when white captures the a8 rook


[7m[1m[34m DEV [39m[22m[27m [34mv1.6.1[39m [90mC:/Users/Toma┼╛Bor┼ítnar/git-sources/demo-chess-board[39m

[90mstdout[2m | src/hooks/__tests__/useChessGame.test.ts[2m > [22m[2museChessGame - undo and castling rights[2m > [22m[2mmoves a piece and undoes it, restoring hasMoved state[22m[39m
DEBUG: updateCastlingRightsForMove called with:
  piece: { type: [32m'pawn'[39m, color: [32m'white'[39m, hasMoved: [33mfalse[39m }
  from: e2
  to: e4
  captured: [1mnull[22m
  captured type: [90mundefined[39m
  ---
DEBUG: updateCastlingRightsForMove called with:
  piece: { type: [32m'pawn'[39m, color: [32m'black'[39m, hasMoved: [33mfalse[39m }
  from: e7
  to: e5
  captured: [1mnull[22m
  captured type: [90mundefined[39m
  ---

[90mstdout[2m | src/hooks/__tests__/useChessGame.test.ts[2m > [22m[2museChessGame - undo and castling rights[2m > [22m[2mrestores captured piece and its hasMoved on undo[22m[39m
DEBUG: updateCastlingRightsForMove called with:
  piece: { type: [32m'pawn'[39m, color: [32m'white'[39m, hasMoved: [33mfalse[39m }
  from: e2
  to: e4
  captured: [1mnull[22m
  captured type: [90mundefined[39m
  ---
DEBUG: updateCastlingRightsForMove called with:
  piece: { type: [32m'pawn'[39m, color: [32m'black'[39m, hasMoved: [33mfalse[39m }
  from: d7
  to: d5
  captured: [1mnull[22m
  captured type: [90mundefined[39m
  ---
DEBUG: updateCastlingRightsForMove called with:
  piece: { type: [32m'pawn'[39m, color: [32m'white'[39m, hasMoved: [33mtrue[39m }
  from: e4
  to: d5
  captured: { type: [32m'pawn'[39m, color: [32m'black'[39m, hasMoved: [33mtrue[39m }
  captured type: pawn
  ---

[90mstdout[2m | src/hooks/__tests__/useChessGame.test.ts[2m > [22m[2museChessGame - undo and castling rights[2m > [22m[2mupdates castling rights on king move and restores on undo[22m[39m
DEBUG: updateCastlingRightsForMove called with:
  piece: { type: [32m'pawn'[39m, color: [32m'white'[39m, hasMoved: [33mfalse[39m }
  from: e2
  to: e3
  captured: [1mnull[22m
  captured type: [90mundefined[39m
  ---
DEBUG: updateCastlingRightsForMove called with:
  piece: { type: [32m'pawn'[39m, color: [32m'black'[39m, hasMoved: [33mfalse[39m }
  from: e7
  to: e6
  captured: [1mnull[22m
  captured type: [90mundefined[39m
  ---
DEBUG: updateCastlingRightsForMove called with:
  piece: { type: [32m'king'[39m, color: [32m'white'[39m, hasMoved: [33mfalse[39m }
  from: e1
  to: e2
  captured: [1mnull[22m
  captured type: [90mundefined[39m
  ---

[90mstdout[2m | src/hooks/__tests__/useChessGame.test.ts[2m > [22m[2museChessGame - undo and castling rights[2m > [22m[2mupdates castling rights on rook move and restores on undo[22m[39m
DEBUG: updateCastlingRightsForMove called with:
  piece: { type: [32m'pawn'[39m, color: [32m'white'[39m, hasMoved: [33mfalse[39m }
  from: a2
  to: a3
  captured: [1mnull[22m
  captured type: [90mundefined[39m
  ---
DEBUG: updateCastlingRightsForMove called with:
  piece: { type: [32m'pawn'[39m, color: [32m'black'[39m, hasMoved: [33mfalse[39m }
  from: a7
  to: a6
  captured: [1mnull[22m
  captured type: [90mundefined[39m
  ---
DEBUG: updateCastlingRightsForMove called with:
  piece: { type: [32m'rook'[39m, color: [32m'white'[39m, hasMoved: [33mfalse[39m }
  from: a1
  to: a2
  captured: [1mnull[22m
  captured type: [90mundefined[39m
  ---

[90mstdout[2m | src/hooks/__tests__/useChessGame.test.ts[2m > [22m[2museChessGame - undo and castling rights[2m > [22m[2mdisables black queen-side castling when white captures the a8 rook[22m[39m
DEBUG: updateCastlingRightsForMove called with:
  piece: { type: [32m'knight'[39m, color: [32m'white'[39m, hasMoved: [33mfalse[39m }
  from: b1
  to: a3
  captured: [1mnull[22m
  captured type: [90mundefined[39m
  ---
DEBUG: updateCastlingRightsForMove called with:
  piece: { type: [32m'pawn'[39m, color: [32m'black'[39m, hasMoved: [33mfalse[39m }
  from: c7
  to: c6
  captured: [1mnull[22m
  captured type: [90mundefined[39m
  ---
DEBUG: updateCastlingRightsForMove called with:
  piece: { type: [32m'knight'[39m, color: [32m'white'[39m, hasMoved: [33mtrue[39m }
  from: a3
  to: b5
  captured: [1mnull[22m
  captured type: [90mundefined[39m
  ---
DEBUG: updateCastlingRightsForMove called with:
  piece: { type: [32m'pawn'[39m, color: [32m'black'[39m, hasMoved: [33mfalse[39m }
  from: h7
  to: h6
  captured: [1mnull[22m
  captured type: [90mundefined[39m
  ---
DEBUG: updateCastlingRightsForMove called with:
  piece: { type: [32m'knight'[39m, color: [32m'white'[39m, hasMoved: [33mtrue[39m }
  from: b5
  to: c7
  captured: [1mnull[22m
  captured type: [90mundefined[39m
  ---

 [33mΓ¥»[39m src/hooks/__tests__/useChessGame.test.ts [2m ([22m[2m5 tests[22m [2m|[22m [31m1 failed[39m[2m)[22m[90m 136[2mms[22m[39m
[31m   [33mΓ¥»[31m src/hooks/__tests__/useChessGame.test.ts[2m > [22museChessGame - undo and castling rights[2m > [22mdisables black queen-side castling when white captures the a8 rook[39m
[31m     ΓåÆ expected true to be false // Object.is equality[39m

node.exe : [31mΓÄ»ΓÄ»ΓÄ»ΓÄ»ΓÄ»ΓÄ»ΓÄ»[1m[7m Failed Tests 1 [27m[22mΓÄ»ΓÄ»ΓÄ»ΓÄ»ΓÄ»ΓÄ»ΓÄ»[39m
At C:\Program Files\nodejs\npm.ps1:29 char:3
+   & $NODE_EXE $NPM_CLI_JS $args
+   ~~~~~~~~~~~~~~~~~~~~~~~~~~~~~
    + CategoryInfo          : NotSpecified: ([31mΓÄ»ΓÄ»ΓÄ»Γ...»ΓÄ»ΓÄ»ΓÄ»[39m:String) [], RemoteException
    + FullyQualifiedErrorId : NativeCommandError
 

[31m[1m[7m FAIL [27m[22m[39m src/hooks/__tests__/useChessGame.test.ts[2m > [22museChessGame - undo and castling rights[2m > [22mdisables black queen-side castling when white captures 
the a8 rook
[31m[1mAssertionError[22m: expected true to be false // Object.is equality[39m

[32m- Expected[39m
[31m+ Received[39m

[32m- false[39m
[31m+ true[39m

[36m [2mΓ¥»[22m src/hooks/__tests__/useChessGame.test.ts:[2m113:36[22m[39m
    [90m111| [39m
    [90m112| [39m    [35mconst[39m rights [33m=[39m hook[33m.[39mresult[33m.[39mcurrent[33m.[39mgameState[33m.[39mcastlingRights
    [90m113| [39m    [34mexpect[39m(rights[33m.[39mblack[33m.[39mqueenSide)[33m.[39m[34mtoBe[39m([35mfalse[39m)
    [90m   | [39m                                   [31m^[39m
    [90m114| [39m  })
    [90m115| [39m})

[31m[2mΓÄ»ΓÄ»ΓÄ»ΓÄ»ΓÄ»ΓÄ»ΓÄ»ΓÄ»ΓÄ»ΓÄ»ΓÄ»ΓÄ»ΓÄ»ΓÄ»ΓÄ»ΓÄ»ΓÄ»ΓÄ»ΓÄ»ΓÄ»ΓÄ»ΓÄ»ΓÄ»ΓÄ»[1/1]ΓÄ»[22m[39m

[2m Test Files [22m [1m[31m1 failed[39m[22m[90m (1)[39m
[2m      Tests [22m [1m[31m1 failed[39m[22m[2m | [22m[1m[32m4 passed[39m[22m[90m (5)[39m
[2m   Start at [22m 07:48:27
[2m   Duration [22m 5.48s[2m (transform 263ms, setup 0ms, collect 904ms, tests 136ms, environment 2.26s, prepare 1.38s)[22m


[1m[7m[31m FAIL [39m[27m[22m[31m Tests failed. Watching for file changes...[39m
       [2mpress [22m[1mh[22m[2m to show help[22m[2m, [22m[2mpress [22m[1mq[22m[2m to quit[22m
